[dotenv@17.2.3] injecting env (11) from .env -- tip: ΓÜÖ∩╕Å  write to custom object with { processEnv: myObject }
----------------------------------------
≡ƒöì Testing Gemini API Key
----------------------------------------
≡ƒöæ Key found: AIzaSyD-...

≡ƒº¬ Attempting to generate content with "gemini-pro"...
node : Γ¥î Failed with gemini-pro: 
[GoogleGenerativeAI Error]: Error fetching from htt
ps://generativelanguage.googleapis.com/v1beta/model
s/gemini-pro:generateContent: [404 Not Found] 
models/gemini-pro is not found for API version 
v1beta, or is not supported for generateContent. 
Call ListModels to see the list of available 
models and their supported methods.
At line:1 char:1
+ node test-gemini.js > test_output.txt 2>&1
+ ~~~~~~~~~~~~~~~~~~~~~~~~~~~~~~~~~~~~~~~~~~
    + CategoryInfo          : NotSpecified: (Γ¥î F 
   ailed with...ported methods.:String) [], Remot  
  eException
    + FullyQualifiedErrorId : NativeCommandError
 

≡ƒº¬ Attempting to generate content with "gemini-1.5-flash"...
Γ¥î Failed with gemini-1.5-flash: 
[GoogleGenerativeAI Error]: Error fetching from htt
ps://generativelanguage.googleapis.com/v1beta/model
s/gemini-1.5-flash:generateContent: [404 Not 
Found] models/gemini-1.5-flash is not found for 
API version v1beta, or is not supported for 
generateContent. Call ListModels to see the list 
of available models and their supported methods.

ΓÜá∩╕Å  DIAGNOSIS:
1. If error is "404 Not Found", your API key is valid but has no access to these models.
   - Ensure you created the key in a NEW project.
   - Check if your region supports Gemini API.
2. If error is "400 Bad Request" or "403 Forbidden", the key is invalid.
